******************************************************************************
                  TI ARM Linker PC v20.2.5                     
******************************************************************************
>> Linked Fri Jan 13 00:40:34 2023

OUTPUT FILE NAME:   <progra13.out>
ENTRY POINT SYMBOL: "_c_int00_noargs"  address: 00000465


MEMORY CONFIGURATION

         name            origin    length      used     unused   attr    fill
----------------------  --------  ---------  --------  --------  ----  --------
  FLASH                 00000000   00040000  00000500  0003fb00  R  X
  SRAM                  20000000   00008000  00000214  00007dec  RW X


SEGMENT ALLOCATION MAP

run origin  load origin   length   init length attrs members
----------  ----------- ---------- ----------- ----- -------
00000000    00000000    00000504   00000504    r-x
  00000000    00000000    0000026c   0000026c    r-- .intvecs
  0000026c    0000026c    00000280   00000280    r-x .text
  000004f0    000004f0    00000014   00000014    r-- .cinit
20000000    20000000    00000214   00000000    rw-
  20000000    20000000    00000200   00000000    rw- .stack
  20000200    20000200    00000010   00000000    rw- .sysmem
  20000210    20000210    00000004   00000000    rw- .bss


SECTION ALLOCATION MAP

 output                                  attributes/
section   page    origin      length       input sections
--------  ----  ----------  ----------   ----------------
.intvecs   0    00000000    0000026c     
                  00000000    0000026c     tm4c123gh6pm_startup_ccs.obj (.intvecs)

.text      0    0000026c    00000280     
                  0000026c    00000138     PWM.obj (.text)
                  000003a4    0000007c     PLL.obj (.text)
                  00000420    00000044     rtsv7M4_T_le_v4SPD16_eabi.lib : autoinit.c.obj (.text:__TI_auto_init_nobinit_nopinit:__TI_auto_init_nobinit_nopinit)
                  00000464    00000034                                   : boot_cortex_m.c.obj (.text:_c_int00_noargs:_c_int00_noargs)
                  00000498    00000024     main.obj (.text)
                  000004bc    0000001c     rtsv7M4_T_le_v4SPD16_eabi.lib : copy_zero_init.c.obj (.text:decompress:ZI:__TI_zero_init_nomemset:__TI_zero_init_nomemset)
                  000004d8    0000000c     tm4c123gh6pm_startup_ccs.obj (.text)
                  000004e4    00000004     rtsv7M4_T_le_v4SPD16_eabi.lib : pre_init.c.obj (.text:_system_pre_init)
                  000004e8    00000004                                   : exit.c.obj (.text:abort:abort)

.cinit     0    000004f0    00000014     
                  000004f0    00000008     (.cinit..bss.load) [load image, compression = zero_init]
                  000004f8    00000004     (__TI_handler_table)
                  000004fc    00000008     (__TI_cinit_table)

.init_array 
*          0    00000000    00000000     UNINITIALIZED

.stack     0    20000000    00000200     UNINITIALIZED
                  20000000    00000004     rtsv7M4_T_le_v4SPD16_eabi.lib : boot_cortex_m.c.obj (.stack)
                  20000004    000001fc     --HOLE--

.sysmem    0    20000200    00000010     UNINITIALIZED
                  20000200    00000010     rtsv7M4_T_le_v4SPD16_eabi.lib : memory.c.obj (.sysmem)

.bss       0    20000210    00000004     UNINITIALIZED
                  20000210    00000004     (.common:duty)

__llvm_prf_cnts 
*          0    20000000    00000000     UNINITIALIZED

MODULE SUMMARY

       Module                         code   ro data   rw data
       ------                         ----   -------   -------
    .\
       tm4c123gh6pm_startup_ccs.obj   12     620       0      
       main.obj                       36     0         4      
    +--+------------------------------+------+---------+---------+
       Total:                         48     620       4      
                                                              
    .\PLL\
       PLL.obj                        124    0         0      
    +--+------------------------------+------+---------+---------+
       Total:                         124    0         0      
                                                              
    .\PWM\
       PWM.obj                        312    0         0      
    +--+------------------------------+------+---------+---------+
       Total:                         312    0         0      
                                                              
    D:\PROGRAMAS\ccs\tools\compiler\ti-cgt-arm_20.2.5.LTS\lib\rtsv7M4_T_le_v4SPD16_eabi.lib
       autoinit.c.obj                 68     0         0      
       boot_cortex_m.c.obj            52     0         0      
       copy_zero_init.c.obj           28     0         0      
       exit.c.obj                     4      0         0      
       pre_init.c.obj                 4      0         0      
    +--+------------------------------+------+---------+---------+
       Total:                         156    0         0      
                                                              
       Heap:                          0      0         16     
       Stack:                         0      0         512    
       Linker Generated:              0      20        0      
    +--+------------------------------+------+---------+---------+
       Grand Total:                   640    640       532    


LINKER GENERATED COPY TABLES

__TI_cinit_table @ 000004fc records: 1, size/record: 8, table size: 8
	.bss: load addr=000004f0, load size=00000008 bytes, run addr=20000210, run size=00000004 bytes, compression=zero_init


LINKER GENERATED HANDLER TABLE

__TI_handler_table @ 000004f8 records: 1, size/record: 4, table size: 4
	index: 0, handler: __TI_zero_init


GLOBAL SYMBOLS: SORTED ALPHABETICALLY BY Name 

address   name                          
-------   ----                          
000004e9  C$$EXIT                       
0000026d  Configurar_PWM0               
000002df  Configurar_PWM6               
0000034d  PWM0_GEN0_ISR                 
000004d9  ResetISR                      
000003a5  SetSystemClock_80MHz          
20000200  __STACK_END                   
00000200  __STACK_SIZE                  
20000200  __STACK_TOP                   
00000010  __SYSMEM_SIZE                 
000004fc  __TI_CINIT_Base               
00000504  __TI_CINIT_Limit              
000004f8  __TI_Handler_Table_Base       
000004fc  __TI_Handler_Table_Limit      
00000421  __TI_auto_init_nobinit_nopinit
ffffffff  __TI_pprof_out_hndl           
ffffffff  __TI_prof_data_size           
ffffffff  __TI_prof_data_start          
00000000  __TI_static_base__            
000004bd  __TI_zero_init_nomemset       
ffffffff  __binit__                     
ffffffff  __c_args__                    
UNDEFED   __mpu_init                    
20000000  __stack                       
20000000  __start___llvm_prf_cnts       
20000000  __stop___llvm_prf_cnts        
00000465  _c_int00_noargs               
20000200  _sys_memory                   
UNDEFED   _system_post_cinit            
000004e5  _system_pre_init              
000004e9  abort                         
ffffffff  binit                         
20000210  duty                          
00000000  g_pfnVectors                  
00000499  main                          


GLOBAL SYMBOLS: SORTED BY Symbol Address 

address   name                          
-------   ----                          
00000000  __TI_static_base__            
00000000  g_pfnVectors                  
00000010  __SYSMEM_SIZE                 
00000200  __STACK_SIZE                  
0000026d  Configurar_PWM0               
000002df  Configurar_PWM6               
0000034d  PWM0_GEN0_ISR                 
000003a5  SetSystemClock_80MHz          
00000421  __TI_auto_init_nobinit_nopinit
00000465  _c_int00_noargs               
00000499  main                          
000004bd  __TI_zero_init_nomemset       
000004d9  ResetISR                      
000004e5  _system_pre_init              
000004e9  C$$EXIT                       
000004e9  abort                         
000004f8  __TI_Handler_Table_Base       
000004fc  __TI_CINIT_Base               
000004fc  __TI_Handler_Table_Limit      
00000504  __TI_CINIT_Limit              
20000000  __stack                       
20000000  __start___llvm_prf_cnts       
20000000  __stop___llvm_prf_cnts        
20000200  __STACK_END                   
20000200  __STACK_TOP                   
20000200  _sys_memory                   
20000210  duty                          
ffffffff  __TI_pprof_out_hndl           
ffffffff  __TI_prof_data_size           
ffffffff  __TI_prof_data_start          
ffffffff  __binit__                     
ffffffff  __c_args__                    
ffffffff  binit                         
UNDEFED   __mpu_init                    
UNDEFED   _system_post_cinit            

[35 symbols]
