******************************************************************************
                  TI ARM Linker PC v20.2.5                     
******************************************************************************
>> Linked Sun Jan 29 02:09:29 2023

OUTPUT FILE NAME:   <PWM5.out>
ENTRY POINT SYMBOL: "_c_int00_noargs"  address: 000019f9


MEMORY CONFIGURATION

         name            origin    length      used     unused   attr    fill
----------------------  --------  ---------  --------  --------  ----  --------
  FLASH                 00000000   00040000  00001c59  0003e3a7  R  X
  SRAM                  20000000   00008000  000002c0  00007d40  RW X


SEGMENT ALLOCATION MAP

run origin  load origin   length   init length attrs members
----------  ----------- ---------- ----------- ----- -------
00000000    00000000    00001c60   00001c60    r-x
  00000000    00000000    0000026c   0000026c    r-- .intvecs
  0000026c    0000026c    000018b4   000018b4    r-x .text
  00001b20    00001b20    00000101   00000101    r-- .const
  00001c28    00001c28    00000038   00000038    r-- .cinit
20000000    20000000    000002c4   00000000    rw-
  20000000    20000000    00000200   00000000    rw- .stack
  20000200    20000200    000000a4   00000000    rw- .data
  200002a8    200002a8    00000010   00000000    rw- .sysmem
  200002b8    200002b8    0000000c   00000000    rw- .bss


SECTION ALLOCATION MAP

 output                                  attributes/
section   page    origin      length       input sections
--------  ----  ----------  ----------   ----------------
.intvecs   0    00000000    0000026c     
                  00000000    0000026c     tm4c123gh6pm_startup_ccs.obj (.intvecs)

.text      0    0000026c    000018b4     
                  0000026c    00000340     PWM.obj (.text)
                  000005ac    000002ec     UART.obj (.text)
                  00000898    000002d4     main.obj (.text)
                  00000b6c    000001b6     rtsv7M4_T_le_v4SPD16_eabi.lib : fd_add_t2.asm.obj (.text)
                  00000d22    00000136                                   : fd_div_t2.asm.obj (.text)
                  00000e58    00000100                                   : memory.c.obj (.text:aligned_alloc)
                  00000f58    000000fc                                   : fd_mul_t2.asm.obj (.text)
                  00001054    000000f8                                   : s_floor.c.obj (.text:floor)
                  0000114c    000000e4                                   : memory.c.obj (.text:free)
                  00001230    000000e4                                   : memory.c.obj (.text:realloc)
                  00001314    000000cc     GPIO.obj (.text)
                  000013e0    000000c4     rtsv7M4_T_le_v4SPD16_eabi.lib : s_round.c.obj (.text:round)
                  000014a4    0000009c                                   : memcpy_t2.asm.obj (.text)
                  00001540    00000086                                   : fd_cmp_t2.asm.obj (.text:__aeabi_cdcmple)
                  000015c6    00000086                                   : fd_cmp_t2.asm.obj (.text:__aeabi_cdrcmple)
                  0000164c    0000007c     PLL.obj (.text)
                  000016c8    0000007a     rtsv7M4_T_le_v4SPD16_eabi.lib : memset_t2.asm.obj (.text)
                  00001742    00000002                                   : _lock.c.obj (.text:_nop)
                  00001744    00000070                                   : memory.c.obj (.text:split)
                  000017b4    00000068                                   : copy_decompress_lzss.c.obj (.text:decompress:lzss:__TI_decompress_lzss)
                  0000181c    0000004c                                   : atoi.c.obj (.text:atoi)
                  00001868    0000004c                                   : s_lround.c.obj (.text:lround)
                  000018b4    00000048                                   : fd_toi_t2.asm.obj (.text)
                  000018fc    00000044                                   : autoinit.c.obj (.text:__TI_auto_init_nobinit_nopinit:__TI_auto_init_nobinit_nopinit)
                  00001940    00000044                                   : fd_tou_t2.asm.obj (.text)
                  00001984    0000003c                                   : signal.c.obj (.text:signal)
                  000019c0    00000038                                   : memory.c.obj (.text:calloc)
                  000019f8    00000034                                   : boot_cortex_m.c.obj (.text:_c_int00_noargs:_c_int00_noargs)
                  00001a2c    0000002e                                   : signal.c.obj (.text:raise)
                  00001a5a    00000002     --HOLE-- [fill = 0]
                  00001a5c    00000028                                   : memory.c.obj (.text:free_list_insert)
                  00001a84    00000020                                   : u_tofd_t2.asm.obj (.text)
                  00001aa4    0000001c                                   : copy_zero_init.c.obj (.text:decompress:ZI:__TI_zero_init_nomemset:__TI_zero_init_nomemset)
                  00001ac0    0000001c                                   : memory.c.obj (.text:free_list_remove)
                  00001adc    00000014                                   : strlen.c.obj (.text:strlen)
                  00001af0    0000000e                                   : copy_decompress_none.c.obj (.text:decompress:none:__TI_decompress_none)
                  00001afe    0000000c     tm4c123gh6pm_startup_ccs.obj (.text)
                  00001b0a    00000008     rtsv7M4_T_le_v4SPD16_eabi.lib : memory.c.obj (.text:malloc)
                  00001b12    00000006                                   : ti_fenv.c.obj (.text:__softfloat_float_raise)
                  00001b18    00000004                                   : pre_init.c.obj (.text:_system_pre_init)
                  00001b1c    00000004                                   : exit.c.obj (.text:abort:abort)

.const     0    00001b20    00000101     
                  00001b20    00000101     rtsv7M4_T_le_v4SPD16_eabi.lib : ctype.c.obj (.const:.string:_ctypes_)

.cinit     0    00001c28    00000038     
                  00001c28    0000000f     (.cinit..data.load) [load image, compression = lzss]
                  00001c37    00000001     --HOLE-- [fill = 0]
                  00001c38    0000000c     (__TI_handler_table)
                  00001c44    00000004     --HOLE-- [fill = 0]
                  00001c48    00000008     (.cinit..bss.load) [load image, compression = zero_init]
                  00001c50    00000010     (__TI_cinit_table)

.init_array 
*          0    00000000    00000000     UNINITIALIZED

.stack     0    20000000    00000200     UNINITIALIZED
                  20000000    00000004     rtsv7M4_T_le_v4SPD16_eabi.lib : boot_cortex_m.c.obj (.stack)
                  20000004    000001fc     --HOLE--

.data      0    20000200    000000a4     UNINITIALIZED
                  20000200    00000080     rtsv7M4_T_le_v4SPD16_eabi.lib : signal.c.obj (.data:sigTable)
                  20000280    00000014     main.obj (.data)
                  20000294    00000008     rtsv7M4_T_le_v4SPD16_eabi.lib : _lock.c.obj (.data:$O1$$)
                  2000029c    00000008                                   : memory.c.obj (.data:$O1$$)

.sysmem    0    200002a8    00000010     UNINITIALIZED
                  200002a8    00000010     rtsv7M4_T_le_v4SPD16_eabi.lib : memory.c.obj (.sysmem)

.bss       0    200002b8    0000000c     UNINITIALIZED
                  200002b8    00000004     (.common:duty0)
                  200002bc    00000004     (.common:duty1)
                  200002c0    00000004     (.common:duty2)

__llvm_prf_cnts 
*          0    20000000    00000000     UNINITIALIZED

MODULE SUMMARY

       Module                         code   ro data   rw data
       ------                         ----   -------   -------
    .\
       main.obj                       724    0         32     
       tm4c123gh6pm_startup_ccs.obj   12     620       0      
    +--+------------------------------+------+---------+---------+
       Total:                         736    620       32     
                                                              
    .\GPIO\
       GPIO.obj                       204    0         0      
    +--+------------------------------+------+---------+---------+
       Total:                         204    0         0      
                                                              
    .\PLL\
       PLL.obj                        124    0         0      
    +--+------------------------------+------+---------+---------+
       Total:                         124    0         0      
                                                              
    .\PWM\
       PWM.obj                        832    0         0      
    +--+------------------------------+------+---------+---------+
       Total:                         832    0         0      
                                                              
    .\UART\
       UART.obj                       748    0         0      
    +--+------------------------------+------+---------+---------+
       Total:                         748    0         0      
                                                              
    D:\PROGRAMAS\ccs\tools\compiler\ti-cgt-arm_20.2.5.LTS\lib\rtsv7M4_T_le_v4SPD16_eabi.lib
       memory.c.obj                   956    0         8      
       fd_add_t2.asm.obj              438    0         0      
       fd_div_t2.asm.obj              310    0         0      
       fd_cmp_t2.asm.obj              268    0         0      
       ctype.c.obj                    0      257       0      
       fd_mul_t2.asm.obj              252    0         0      
       s_floor.c.obj                  248    0         0      
       signal.c.obj                   106    0         128    
       s_round.c.obj                  196    0         0      
       memcpy_t2.asm.obj              156    0         0      
       memset_t2.asm.obj              122    0         0      
       copy_decompress_lzss.c.obj     104    0         0      
       atoi.c.obj                     76     0         0      
       s_lround.c.obj                 76     0         0      
       fd_toi_t2.asm.obj              72     0         0      
       autoinit.c.obj                 68     0         0      
       fd_tou_t2.asm.obj              68     0         0      
       boot_cortex_m.c.obj            52     0         0      
       u_tofd_t2.asm.obj              32     0         0      
       copy_zero_init.c.obj           28     0         0      
       strlen.c.obj                   20     0         0      
       copy_decompress_none.c.obj     14     0         0      
       _lock.c.obj                    2      0         8      
       ti_fenv.c.obj                  6      0         0      
       exit.c.obj                     4      0         0      
       pre_init.c.obj                 4      0         0      
    +--+------------------------------+------+---------+---------+
       Total:                         3678   257       144    
                                                              
       Heap:                          0      0         16     
       Stack:                         0      0         512    
       Linker Generated:              0      51        0      
    +--+------------------------------+------+---------+---------+
       Grand Total:                   6322   928       704    


LINKER GENERATED COPY TABLES

__TI_cinit_table @ 00001c50 records: 2, size/record: 8, table size: 16
	.data: load addr=00001c28, load size=0000000f bytes, run addr=20000200, run size=000000a4 bytes, compression=lzss
	.bss: load addr=00001c48, load size=00000008 bytes, run addr=200002b8, run size=0000000c bytes, compression=zero_init


LINKER GENERATED HANDLER TABLE

__TI_handler_table @ 00001c38 records: 3, size/record: 4, table size: 12
	index: 0, handler: __TI_decompress_lzss
	index: 1, handler: __TI_decompress_none
	index: 2, handler: __TI_zero_init


GLOBAL SYMBOLS: SORTED ALPHABETICALLY BY Name 

address   name                          
-------   ----                          
00001b1d  C$$EXIT                       
00001315  Configurar_GPIO               
0000026d  Configurar_PWM0               
0000031d  Configurar_PWM3               
000003cf  Configurar_PWM5               
00000483  Configurar_PWM6               
000005ad  Configurar_UART3              
00000535  PWM0_GEN0_ISR                 
00001aff  ResetISR                      
000006b7  Rx_char                       
000006dd  Rx_string                     
0000073d  Rx_string2                    
0000164d  SetSystemClock_MHz            
000007a3  Tx_char                       
000007bf  Tx_string                     
20000200  __STACK_END                   
00000200  __STACK_SIZE                  
20000200  __STACK_TOP                   
00000010  __SYSMEM_SIZE                 
00001c50  __TI_CINIT_Base               
00001c60  __TI_CINIT_Limit              
00001c38  __TI_Handler_Table_Base       
00001c44  __TI_Handler_Table_Limit      
000018fd  __TI_auto_init_nobinit_nopinit
000017b5  __TI_decompress_lzss          
00001af1  __TI_decompress_none          
ffffffff  __TI_pprof_out_hndl           
ffffffff  __TI_prof_data_size           
ffffffff  __TI_prof_data_start          
00000000  __TI_static_base__            
00001aa5  __TI_zero_init_nomemset       
00001541  __aeabi_cdcmpeq               
00001541  __aeabi_cdcmple               
000015c7  __aeabi_cdrcmple              
000018b5  __aeabi_d2iz                  
00001941  __aeabi_d2uiz                 
00000b77  __aeabi_dadd                  
00000d23  __aeabi_ddiv                  
00000f59  __aeabi_dmul                  
00000b6d  __aeabi_dsub                  
000016c9  __aeabi_memclr                
000016c9  __aeabi_memclr4               
000016c9  __aeabi_memclr8               
000014a5  __aeabi_memcpy                
000014a5  __aeabi_memcpy4               
000014a5  __aeabi_memcpy8               
000016cb  __aeabi_memset                
000016cb  __aeabi_memset4               
000016cb  __aeabi_memset8               
00001a85  __aeabi_ui2d                  
ffffffff  __binit__                     
ffffffff  __c_args__                    
UNDEFED   __mpu_init                    
00001b13  __softfloat_float_raise       
20000000  __stack                       
20000000  __start___llvm_prf_cnts       
20000000  __stop___llvm_prf_cnts        
000019f9  _c_int00_noargs               
00001b20  _ctypes_                      
20000294  _lock                         
00001743  _nop                          
200002a8  _sys_memory                   
UNDEFED   _system_post_cinit            
00001b19  _system_pre_init              
20000298  _unlock                       
00001b1d  abort                         
00000e59  aligned_alloc                 
0000181d  atoi                          
ffffffff  binit                         
000019c1  calloc                        
20000284  dc                            
20000288  dc0                           
2000028c  dc1                           
20000290  dc2                           
20000280  duty                          
200002b8  duty0                         
200002bc  duty1                         
200002c0  duty2                         
00001055  floor                         
00001055  floorl                        
0000114d  free                          
00000000  g_pfnVectors                  
00001355  habilitar_IntGPIO             
0000069d  habilitar_IntUART3            
000007e1  invertir_string               
00001869  lround                        
00000899  main                          
00001b0b  malloc                        
00000e59  memalign                      
000014a5  memcpy                        
000016d1  memset                        
00001a2d  raise                         
00001231  realloc                       
000013e1  round                         
000013e1  roundl                        
00001985  signal                        
00001add  strlen                        


GLOBAL SYMBOLS: SORTED BY Symbol Address 

address   name                          
-------   ----                          
00000000  __TI_static_base__            
00000000  g_pfnVectors                  
00000010  __SYSMEM_SIZE                 
00000200  __STACK_SIZE                  
0000026d  Configurar_PWM0               
0000031d  Configurar_PWM3               
000003cf  Configurar_PWM5               
00000483  Configurar_PWM6               
00000535  PWM0_GEN0_ISR                 
000005ad  Configurar_UART3              
0000069d  habilitar_IntUART3            
000006b7  Rx_char                       
000006dd  Rx_string                     
0000073d  Rx_string2                    
000007a3  Tx_char                       
000007bf  Tx_string                     
000007e1  invertir_string               
00000899  main                          
00000b6d  __aeabi_dsub                  
00000b77  __aeabi_dadd                  
00000d23  __aeabi_ddiv                  
00000e59  aligned_alloc                 
00000e59  memalign                      
00000f59  __aeabi_dmul                  
00001055  floor                         
00001055  floorl                        
0000114d  free                          
00001231  realloc                       
00001315  Configurar_GPIO               
00001355  habilitar_IntGPIO             
000013e1  round                         
000013e1  roundl                        
000014a5  __aeabi_memcpy                
000014a5  __aeabi_memcpy4               
000014a5  __aeabi_memcpy8               
000014a5  memcpy                        
00001541  __aeabi_cdcmpeq               
00001541  __aeabi_cdcmple               
000015c7  __aeabi_cdrcmple              
0000164d  SetSystemClock_MHz            
000016c9  __aeabi_memclr                
000016c9  __aeabi_memclr4               
000016c9  __aeabi_memclr8               
000016cb  __aeabi_memset                
000016cb  __aeabi_memset4               
000016cb  __aeabi_memset8               
000016d1  memset                        
00001743  _nop                          
000017b5  __TI_decompress_lzss          
0000181d  atoi                          
00001869  lround                        
000018b5  __aeabi_d2iz                  
000018fd  __TI_auto_init_nobinit_nopinit
00001941  __aeabi_d2uiz                 
00001985  signal                        
000019c1  calloc                        
000019f9  _c_int00_noargs               
00001a2d  raise                         
00001a85  __aeabi_ui2d                  
00001aa5  __TI_zero_init_nomemset       
00001add  strlen                        
00001af1  __TI_decompress_none          
00001aff  ResetISR                      
00001b0b  malloc                        
00001b13  __softfloat_float_raise       
00001b19  _system_pre_init              
00001b1d  C$$EXIT                       
00001b1d  abort                         
00001b20  _ctypes_                      
00001c38  __TI_Handler_Table_Base       
00001c44  __TI_Handler_Table_Limit      
00001c50  __TI_CINIT_Base               
00001c60  __TI_CINIT_Limit              
20000000  __stack                       
20000000  __start___llvm_prf_cnts       
20000000  __stop___llvm_prf_cnts        
20000200  __STACK_END                   
20000200  __STACK_TOP                   
20000280  duty                          
20000284  dc                            
20000288  dc0                           
2000028c  dc1                           
20000290  dc2                           
20000294  _lock                         
20000298  _unlock                       
200002a8  _sys_memory                   
200002b8  duty0                         
200002bc  duty1                         
200002c0  duty2                         
ffffffff  __TI_pprof_out_hndl           
ffffffff  __TI_prof_data_size           
ffffffff  __TI_prof_data_start          
ffffffff  __binit__                     
ffffffff  __c_args__                    
ffffffff  binit                         
UNDEFED   __mpu_init                    
UNDEFED   _system_post_cinit            

[97 symbols]
